Info: *******************************************************************
Info: Running Quartus Prime Convert_programming_file
    Info: Version 24.1std.0 Build 1077 03/04/2025 SC Lite Edition
    Info: Copyright (C) 2025  Altera Corporation. All rights reserved.
    Info: Your use of Altera Corporation's design tools, logic functions 
    Info: and other software and tools, and any partner logic 
    Info: functions, and any output files from any of the foregoing 
    Info: (including device programming or simulation files), and any 
    Info: associated documentation or information are expressly subject 
    Info: to the terms and conditions of the Altera Program License 
    Info: Subscription Agreement, the Altera Quartus Prime License Agreement,
    Info: the Altera IP License Agreement, or other applicable license
    Info: agreement, including, without limitation, that your use is for
    Info: the sole purpose of programming logic devices manufactured by
    Info: Altera and sold by Altera or its authorized distributors.  Please
    Info: refer to the Altera Software License Subscription Agreements 
    Info: on the Quartus Prime software download page.
    Info: Processing started: Fri Sep 18 06:19:21 2026
Info: Command: quartus_cpf -c -q 25MHz -g 3.3 -n p output_files/k5_xbox_rc3.sof output_files/k5_xbox_rc3.svf
Info: Quartus Prime Convert_programming_file was successful. 0 errors, 0 warnings
    Info: Peak virtual memory: 331 megabytes
    Info: Processing ended: Fri Sep 18 06:19:22 2026
    Info: Elapsed time: 00:00:01
    Info: Total CPU time (on all processors): 00:00:01
